Running test ... content ... 0.6 seconds
Running test ... docs ... 0.0 seconds
Running test ... files ... 0.0 seconds
Running test ... git ... 0.0 seconds
Running test ... projects ... 0.0 seconds
Running test ... src ... 0.0 seconds
Running test ... tablerw ... 0.1 seconds
Running test ... update ... 0.1 seconds
Running test ... vars ... 0.1 seconds
